** Drc report for Kehrschleifenbaustein.kicad_pcb **
** Created on 2026-06-07T16:16:30 **
** Report includes: Errors, Warnings, Exclusions **

** Found 13 DRC violations **
[starved_thermal]: Thermal relief connection to zone incomplete (layer F.Cu; 1 spokes connected to isolated island)
    Local override; error
    @(96.8428 mm, 114.7473 mm): Zone [GND] on F.Cu and B.Cu, priority 1
    @(103.7008 mm, 86.2860 mm): PTH pad 6 [GND] of J1
[starved_thermal]: Thermal relief connection to zone incomplete (layer B.Cu; 1 spokes connected to isolated island)
    Local override; error
    @(196.4108 mm, 45.6460 mm): Zone [GND-isoliert] on F.Cu and B.Cu, priority 0
    @(167.2008 mm, 125.1480 mm): PTH pad 14 [GND-isoliert] of U2
[lib_footprint_issues]: The current configuration does not include the footprint library 'custom'
    Local override; warning
    @(129.3548 mm, 110.7380 mm): Footprint U3
[lib_footprint_issues]: The current configuration does not include the footprint library 'custom'
    Local override; warning
    @(181.4888 mm, 60.3100 mm): Footprint Display1
[lib_footprint_issues]: The current configuration does not include the footprint library 'custom'
    Local override; warning
    @(178.1008 mm, 90.3280 mm): Footprint U2
[lib_footprint_issues]: The current configuration does not include the footprint library 'custom'
    Local override; warning
    @(103.7008 mm, 60.8860 mm): Footprint J1
[lib_footprint_issues]: The current configuration does not include the footprint library 'custom'
    Local override; warning
    @(194.6108 mm, 90.3280 mm): Footprint U1
[text_height]: Text height out of range (board setup constraints silk text height min height 0.8000 mm; actual 0.6307 mm)
    Rule: board setup constraints silk text height; warning
    @(192.0928 mm, 84.0100 mm): Reference field of SW2
[silk_overlap]: Silkscreen clearance
    Rule: board setup constraints silk; warning
    @(194.6108 mm, 139.8580 mm): Segment of U1 on F.Silkscreen
    @(165.4008 mm, 139.8580 mm): Segment of U2 on F.Silkscreen
[silk_overlap]: Silkscreen clearance
    Rule: board setup constraints silk; warning
    @(194.6108 mm, 90.3280 mm): Segment of U1 on F.Silkscreen
    @(165.4008 mm, 90.3280 mm): Segment of U2 on F.Silkscreen
[silk_over_copper]: Silkscreen clipped by solder mask
    Local override; warning
    @(194.6108 mm, 139.8580 mm): Segment of U1 on F.Silkscreen
    @(185.7428 mm, 140.1340 mm): NPTH pad of H4
[silk_over_copper]: Silkscreen clipped by solder mask
    Local override; warning
    @(168.5108 mm, 51.3050 mm): Segment of Display1 on F.Silkscreen
    @(191.7700 mm, 50.2920 mm): NPTH pad of H3
[silk_over_copper]: Silkscreen clipped by solder mask
    Local override; warning
    @(191.6108 mm, 51.3050 mm): Segment of Display1 on F.Silkscreen
    @(191.7700 mm, 50.2920 mm): NPTH pad of H3

** Found 0 unconnected pads **

** Found 0 Footprint errors **

** Ignored checks **
    - Footprint has no courtyard defined
    - Track endpoint not centered on via
    - Tuning profile track geometries
    - Footprint doesn't match symbol's footprint filters
    - PTH inside courtyard
    - NPTH inside courtyard
    - Footprint component type doesn't match footprint pads

** End of Report **
